// Jest Snapshot v1, https://goo.gl/fbAQLP

exports[`success state 1`] = `
.c1 {
  box-sizing: border-box;
  margin-bottom: 24px;
}

.c4 {
  line-height: 1.5;
  margin: 0;
  display: inline-flex;
  justify-content: center;
  align-items: center;
  box-sizing: border-box;
  border: none;
  border-radius: 4px;
  cursor: pointer;
  font-family: inherit;
  font-weight: 600;
  outline: none;
  position: relative;
  text-align: center;
  text-decoration: none;
  text-transform: uppercase;
  transition: all 0.3s;
  -webkit-font-smoothing: antialiased;
  background: #512FC9;
  color: rgba(255,255,255,0.87);
  min-height: 32px;
  font-size: 12px;
  padding: 0px 24px;
  margin-left: auto;
  width: 240px;
}

.c4:active {
  opacity: 0.56;
}

.c4:hover,
.c4:focus {
  background: #651FFF;
}

.c4:active {
  background: #354AA4;
}

.c4:disabled {
  background: rgba(255,255,255,0.12);
  color: rgba(255,255,255,0.3);
}

.c19 {
  line-height: 1.5;
  margin: 0;
  display: inline-flex;
  justify-content: center;
  align-items: center;
  box-sizing: border-box;
  border: none;
  border-radius: 4px;
  cursor: pointer;
  font-family: inherit;
  font-weight: 600;
  outline: none;
  position: relative;
  text-align: center;
  text-decoration: none;
  text-transform: uppercase;
  transition: all 0.3s;
  -webkit-font-smoothing: antialiased;
  background: #2C3A73;
  border: 1px solid #1C254D;
  opacity: .87;
  color: rgba(255,255,255,0.87);
  font-size: 10px;
  min-height: 24px;
  padding: 0px 16px;
  height: 24px;
}

.c19:active {
  opacity: 0.56;
}

.c19:hover,
.c19:focus {
  background: #2C3A73;
  border: 1px solid rgba(255,255,255,0.1);
  opacity: 1;
}

.c19:active {
  opacity: 0.24;
}

.c19:disabled {
  background: rgba(255,255,255,0.12);
  color: rgba(255,255,255,0.3);
}

.c15 {
  display: inline-block;
  transition: color .3s;
  color: #FFFFFF;
  font-size: 16px;
}

.c17 {
  display: inline-block;
  transition: color .3s;
  color: #FFFFFF;
}

.c20 {
  display: inline-block;
  transition: color .3s;
  margin-left: 8px;
  margin-right: -8px;
  color: rgba(255,255,255,0.56);
  font-size: 14px;
}

.c18 {
  box-sizing: border-box;
  border-radius: 100px;
  display: inline-flex;
  align-items: center;
  justify-content: center;
  min-height: 16px;
  line-height: 1.4;
  font-size: 10px;
  font-weight: 500;
  padding: 0 8px;
  background-color: #111B48;
  color: rgba(255,255,255,0.87);
  margin-bottom: 4px;
  margin-right: 4px;
}

.c11 {
  overflow: hidden;
  text-overflow: ellipsis;
  font-weight: 400;
  font-size: 12px;
  line-height: 16px;
  margin: 0px;
  margin-right: 4px;
  color: #FFFFFF;
}

.c9 {
  box-sizing: border-box;
  width: 100%;
  display: flex;
  justify-content: flex-end;
}

.c10 {
  box-sizing: border-box;
  margin-right: 8px;
  display: flex;
  align-items: center;
}

.c12 {
  box-sizing: border-box;
  display: flex;
}

.c3 {
  overflow: hidden;
  text-overflow: ellipsis;
  font-weight: 300;
  font-size: 22px;
  line-height: 32px;
  margin: 0px;
  white-space: nowrap;
}

.c0 {
  box-sizing: border-box;
  padding-left: 40px;
  padding-right: 40px;
  display: flex;
  overflow: auto;
  width: 100%;
  height: 100%;
  flex-direction: column;
}

.c0::after {
  content: ' ';
  padding-bottom: 24px;
}

.c2 {
  box-sizing: border-box;
  display: flex;
  align-items: center;
  flex-shrink: 0;
  border-bottom: 1px solid #1C254D;
  height: 56px;
  margin-left: -40px;
  margin-right: -40px;
  padding-left: 40px;
  padding-right: 40px;
  position: relative;
}

.c16 {
  background: #222C59;
  box-shadow: 0 4px 16px rgba(0,0,0,0.24);
  border-collapse: collapse;
  border-spacing: 0;
  font-size: 12px;
  width: 100%;
  border-top-left-radius: 0px;
  border-top-right-radius: 0px;
  border-bottom-right-radius: 8px;
  border-bottom-left-radius: 8px;
}

.c16 > thead > tr > th,
.c16 > tbody > tr > th,
.c16 > tfoot > tr > th,
.c16 > thead > tr > td,
.c16 > tbody > tr > td,
.c16 > tfoot > tr > td {
  padding: 8px 8px;
  vertical-align: middle;
}

.c16 > thead > tr > th:first-child,
.c16 > tbody > tr > th:first-child,
.c16 > tfoot > tr > th:first-child,
.c16 > thead > tr > td:first-child,
.c16 > tbody > tr > td:first-child,
.c16 > tfoot > tr > td:first-child {
  padding-left: 24px;
}

.c16 > thead > tr > th:last-child,
.c16 > tbody > tr > th:last-child,
.c16 > tfoot > tr > th:last-child,
.c16 > thead > tr > td:last-child,
.c16 > tbody > tr > td:last-child,
.c16 > tfoot > tr > td:last-child {
  padding-right: 24px;
}

.c16 > tbody > tr > td {
  vertical-align: baseline;
}

.c16 > thead > tr > th {
  background: #111B48;
  color: #FFFFFF;
  cursor: pointer;
  font-size: 10px;
  font-weight: 400;
  padding-bottom: 0;
  padding-top: 0;
  text-align: left;
  opacity: 0.75;
  text-transform: uppercase;
  white-space: nowrap;
}

.c16 > thead > tr > th .c14 {
  font-weight: bold;
  font-size: 8px;
  margin-left: 8px;
}

.c16 > tbody > tr > td {
  color: rgba(255,255,255,0.87);
  line-height: 16px;
}

.c16 tbody tr {
  border-bottom: 1px solid #1C254D;
}

.c16 tbody tr:hover {
  background-color: rgb(37,49,98);
}

.c5 {
  padding: 16px 24px;
  display: flex;
  height: 24px;
  flex-shrink: 0;
  align-items: center;
  justify-content: space-between;
  background: #222C59;
  border-top-left-radius: 8px;
  border-top-right-radius: 8px;
}

.c13 {
  background: none;
  border: none;
  cursor: pointer;
}

.c13 .c14 {
  font-size: 20px;
  transition: all 0.3s;
  opacity: 0.5;
}

.c13:hover .c14,
.c13:focus .c14 {
  opacity: 1;
}

.c13:disabled {
  cursor: default;
}

.c13:disabled .c14 {
  opacity: 0.1;
}

.c8 {
  position: absolute;
  height: 100%;
  right: 0;
  display: flex;
  align-items: center;
  justify-content: center;
  background: #2C3A73;
  border-radius: 200px;
}

.c6 {
  position: relative;
  display: flex;
  overflow: hidden;
  width: 100%;
  border-radius: 200px;
  height: 32px;
  background: #111B48;
}

.c7 {
  border: none;
  outline: none;
  box-sizing: border-box;
  height: 100%;
  font-size: 12px;
  width: 100%;
  transition: all 0.2s;
  padding-left: 16px;
  padding-right: 16px;
  color: rgba(255,255,255,0.87);
  background: #111B48;
  padding-right: 184px;
}

.c7:hover,
.c7:focus,
.c7:active {
  background: #1C254D;
  box-shadow: inset 0 2px 4px rgba(0,0,0,.24);
  color: rgba(255,255,255,0.87);
}

.c7::placeholder {
  color: rgba(255,255,255,0.24);
  font-size: 12px;
}

<div>
  <div
    class="c0"
  >
    <div
      class="c1"
    >
      <div
        class="c2"
      >
        <div
          class="c3"
        >
          Users
        </div>
        <button
          class="c4"
          kind="primary"
          width="240px"
        >
          Create New User
        </button>
      </div>
    </div>
    <nav
      class="c5"
    >
      <div
        class="c6"
      >
        <input
          class="c7"
          placeholder="SEARCH..."
          value=""
        />
        <div
          class="c8"
        />
      </div>
      <div
        class="c9"
        width="100%"
      >
        <div
          class="c10"
        >
          <div
            class="c11"
            color="primary.contrastText"
          >
            SHOWING 
            <strong>
              1
            </strong>
             - 
            <strong>
              6
            </strong>
             of
             
            <strong>
              6
            </strong>
          </div>
        </div>
        <div
          class="c12"
        >
          <button
            class="c13"
            disabled=""
            title="Previous page"
          >
            <span
              class="c14 c15 icon icon-arrow-left-circle "
              color="light"
              font-size="3"
            />
          </button>
          <button
            class="c13"
            disabled=""
            title="Next page"
          >
            <span
              class="c14 c15 icon icon-arrow-right-circle "
              color="light"
              font-size="3"
            />
          </button>
        </div>
      </div>
    </nav>
    <table
      class="c16"
    >
      <thead>
        <tr>
          <th>
            <a>
              Name
              <span
                class="c14 c17 icon icon-chevron-up "
                color="light"
              />
            </a>
          </th>
          <th>
            <a>
              Roles
              <span
                class="c14 c17 icon icon-chevrons-expand-vertical "
                color="light"
              />
            </a>
          </th>
          <th>
            <a>
              Type
              <span
                class="c14 c17 icon icon-chevrons-expand-vertical "
                color="light"
              />
            </a>
          </th>
          <th
            style="cursor: default;"
          />
        </tr>
      </thead>
      <tbody>
        <tr>
          <td>
            azesotil@jevig.org
          </td>
          <td>
            <div
              class="c18"
              kind="secondary"
            >
              tugu
            </div>
          </td>
          <td
            style="text-transform: capitalize;"
          >
            teleport local user
          </td>
          <td
            align="right"
          >
            <button
              class="c19"
              height="24px"
              kind="border"
            >
              OPTIONS
              <span
                class="c14 c20 icon icon-caret-down "
                color="text.secondary"
                font-size="2"
              />
            </button>
          </td>
        </tr>
        <tr>
          <td>
            cikar@egaposci.me
          </td>
          <td>
            <div
              class="c18"
              kind="secondary"
            >
              admin
            </div>
          </td>
          <td
            style="text-transform: capitalize;"
          >
            teleport local user
          </td>
          <td
            align="right"
          >
            <button
              class="c19"
              height="24px"
              kind="border"
            >
              OPTIONS
              <span
                class="c14 c20 icon icon-caret-down "
                color="text.secondary"
                font-size="2"
              />
            </button>
          </td>
        </tr>
        <tr>
          <td>
            hi@nen.pa
          </td>
          <td>
            <div
              class="c18"
              kind="secondary"
            >
              ruhh
            </div>
            <div
              class="c18"
              kind="secondary"
            >
              admin
            </div>
          </td>
          <td
            style="text-transform: capitalize;"
          >
            teleport local user
          </td>
          <td
            align="right"
          >
            <button
              class="c19"
              height="24px"
              kind="border"
            >
              OPTIONS
              <span
                class="c14 c20 icon icon-caret-down "
                color="text.secondary"
                font-size="2"
              />
            </button>
          </td>
        </tr>
        <tr>
          <td>
            jap@kosusfaw.mp
          </td>
          <td>
            <div
              class="c18"
              kind="secondary"
            >
              ubip
            </div>
            <div
              class="c18"
              kind="secondary"
            >
              duzjadj
            </div>
            <div
              class="c18"
              kind="secondary"
            >
              dupiwuzocafe
            </div>
            <div
              class="c18"
              kind="secondary"
            >
              abc
            </div>
            <div
              class="c18"
              kind="secondary"
            >
              anavebikilonim
            </div>
          </td>
          <td
            style="text-transform: capitalize;"
          >
            oidc
          </td>
          <td
            align="right"
          />
        </tr>
        <tr>
          <td>
            pamkad@ukgir.ki
          </td>
          <td>
            <div
              class="c18"
              kind="secondary"
            >
              vuit
            </div>
            <div
              class="c18"
              kind="secondary"
            >
              vedkonm
            </div>
            <div
              class="c18"
              kind="secondary"
            >
              valvapel
            </div>
          </td>
          <td
            style="text-transform: capitalize;"
          >
            saml
          </td>
          <td
            align="right"
          />
        </tr>
        <tr>
          <td>
            ziat@uthatebo.sl
          </td>
          <td>
            <div
              class="c18"
              kind="secondary"
            >
              kaco
            </div>
            <div
              class="c18"
              kind="secondary"
            >
              ziuzzow
            </div>
            <div
              class="c18"
              kind="secondary"
            >
              admin
            </div>
          </td>
          <td
            style="text-transform: capitalize;"
          >
            github
          </td>
          <td
            align="right"
          />
        </tr>
      </tbody>
    </table>
  </div>
</div>
`;
