// Jest Snapshot v1, https://goo.gl/fbAQLP

exports[`rendering of SideNav 1`] = `
.c8 {
  display: inline-block;
  transition: color 0.3s;
  margin-right: 16px;
  margin-left: -40px;
  color: inherit;
  font-size: 16px;
}

.c11 {
  display: inline-block;
  transition: color 0.3s;
  margin-left: auto;
  margin-right: -8px;
  color: inherit;
}

.c15 {
  display: inline-block;
  transition: color 0.3s;
  margin-right: 8px;
  margin-left: -40px;
  color: inherit;
  font-size: 14px;
}

.c0 {
  box-sizing: border-box;
  height: 100%;
  margin-top: -16px;
  margin-left: -16px;
  margin-right: -16px;
}

.c2 {
  box-sizing: border-box;
  padding-left: 24px;
  width: 208px;
}

.c3 {
  display: flex;
}

.c5 {
  display: block;
  outline: none;
  margin-left: 16px;
  margin-right: 16px;
  max-width: 160px;
  max-height: 24px;
}

.c9 {
  font-size: 16px;
  margin-right: 16px;
  margin-left: -40px;
}

.c16 {
  font-size: 14px;
  margin-right: 8px;
  margin-left: -40px;
}

.c7 {
  box-sizing: border-box;
  display: flex;
  align-items: center;
  justify-content: flex-start;
  border: none;
  border-left: 4px solid transparent;
  cursor: pointer;
  outline: none;
  text-decoration: none;
  width: 100%;
  line-height: 24px;
  position: relative;
  font-size: 12px;
  font-weight: 400;
  font-family: Ubuntu2,-apple-system,BlinkMacSystemFont,"Segoe UI",Helvetica,Arial,sans-serif,"Apple Color Emoji","Segoe UI Emoji","Segoe UI Symbol";
  padding-left: 64px;
  padding-right: 32px;
  background: #222C59;
  color: rgba(255,255,255,0.56);
  min-height: 56px;
}

.c7:active,
.c7.active {
  border-left-color: #651FFF;
  background: #2C3A73;
  color: #FFFFFF;
  font-weight: 600;
}

.c7:active .marker,
.c7.active .marker {
  background: #651FFF;
}

.c7:hover {
  background: #2C3A73;
}

.c7:focus,
.c7:hover {
  color: #FFFFFF;
}

.c13 {
  box-sizing: border-box;
  display: flex;
  align-items: center;
  justify-content: flex-start;
  border: none;
  border-left: 4px solid transparent;
  cursor: pointer;
  outline: none;
  text-decoration: none;
  width: 100%;
  line-height: 24px;
  position: relative;
  font-size: 11px;
  font-weight: 400;
  font-family: Ubuntu2,-apple-system,BlinkMacSystemFont,"Segoe UI",Helvetica,Arial,sans-serif,"Apple Color Emoji","Segoe UI Emoji","Segoe UI Symbol";
  padding-left: 96px;
  padding-right: 32px;
  background: none;
  color: rgba(255,255,255,0.56);
  min-height: 40px;
}

.c13:active,
.c13.active {
  border-left-color: none;
  background: none;
  color: #FFFFFF;
  font-weight: 400;
}

.c13:active .marker,
.c13.active .marker {
  background: none;
}

.c13:hover {
  background: none;
}

.c13:focus,
.c13:hover {
  color: #FFFFFF;
}

.c12 {
  background: linefar-gradient(140deg,#2C3A73,#222C59);
}

.c14 {
  height: 8px;
  width: 8px;
  position: absolute;
  top: 16px;
  left: 26px;
}

.c10 {
  margin: 0;
  box-sizing: border-box;
  display: flex;
  align-items: center;
  justify-content: flex-start;
  border: none;
  border-left: 4px solid transparent;
  cursor: pointer;
  outline: none;
  text-decoration: none;
  width: 100%;
  line-height: 24px;
  font-size: 12px;
  font-weight: 400;
  font-family: Ubuntu2,-apple-system,BlinkMacSystemFont,"Segoe UI",Helvetica,Arial,sans-serif,"Apple Color Emoji","Segoe UI Emoji","Segoe UI Symbol";
  padding-left: 64px;
  padding-right: 32px;
  background: #222C59;
  color: rgba(255,255,255,0.56);
  min-height: 56px;
}

.c10.active {
  border-left-color: #651FFF;
  background: #2C3A73;
  color: #FFFFFF;
}

.c10.active .marker {
  background: #651FFF;
}

.c10:hover {
  background: #2C3A73;
}

.c10:hover,
.c10:focus {
  color: #FFFFFF;
}

.c4 {
  min-height: 56px;
  align-items: center;
  cursor: pointer;
  outline: none;
  text-decoration: none;
  width: 100%;
}

.c4:hover {
  background: #2C3A73;
  color: #FFFFFF;
}

.c1 {
  background: #222C59;
  border-right: 1px solid #111B48;
  overflow: auto;
  height: 100%;
  display: flex;
  flex-direction: column;
  min-width: var(--sidebar-width);
  width: var(--sidebar-width);
  box-sizing: border-box;
}

.c6 {
  display: flex;
  flex-direction: column;
  overflow: auto;
}

<div
  class="c0"
  height="100%"
  style="position: absolute; overflow: hidden;"
>
  <nav
    class="c1"
  >
    <a
      class="c2 c3 c4"
      href="/web"
      pl="4"
      width="208px"
    >
      <img
        class="c5"
        src="file_stub"
      />
    </a>
    <div
      class="c6"
    >
      <a
        class="c7"
        href="/web/cluster/one/nodes"
      >
        <span
          class="c8 icon icon-server sc-bczRLJ c8 c9"
          color="inherit"
          font-size="16px"
        />
        Servers
      </a>
      <a
        class="c7"
        href="/web/cluster/one/apps"
      >
        <span
          class="c8 icon icon-new-tab sc-bczRLJ c8 c9"
          color="inherit"
          font-size="16px"
        />
        Applications
      </a>
      <a
        class="c7"
        href="/web/cluster/one/kubes"
      >
        <span
          class="c8 icon icon-kubernetes sc-bczRLJ c8 c9"
          color="inherit"
          font-size="16px"
        />
        Kubernetes
      </a>
      <button
        class="c10 actives"
      >
        <span
          class="c8 icon icon-users2 sc-bczRLJ c8 c9"
          color="inherit"
          font-size="16px"
        />
        Team
        <span
          class="c11 icon icon-chevron-down "
          color="inherit"
          style="font-size: 14px;"
        />
      </button>
      <div
        class="c12"
        style="display: block;"
      >
        <a
          class="c13"
          href="/web/users"
        >
          <div
            class="c14 marker"
          />
          <span
            class="c15 icon icon-users2 sc-bczRLJ c15 c16"
            color="inherit"
            font-size="2"
          />
          Users
        </a>
        <a
          aria-current="page"
          class="c13 active"
          href="/web/roles"
        >
          <div
            class="c14 marker"
          />
          <span
            class="c15 icon icon-profile sc-bczRLJ c15 c16"
            color="inherit"
            font-size="2"
          />
          Roles
        </a>
        <a
          class="c13"
          href="/web/sso"
        >
          <div
            class="c14 marker"
          />
          <span
            class="c15 icon icon-lock sc-bczRLJ c15 c16"
            color="inherit"
            font-size="2"
          />
          Auth. Connectors
        </a>
      </div>
      <button
        class="c10"
      >
        <span
          class="c8 icon icon-alarm-ringing sc-bczRLJ c8 c9"
          color="inherit"
          font-size="16px"
        />
        Activity
        <span
          class="c11 icon icon-chevron-right "
          color="inherit"
          style="font-size: 14px;"
        />
      </button>
      <div
        class="c12"
        style="display: none;"
      >
        <a
          class="c13"
          href="/web/cluster/one/sessions"
        >
          <div
            class="c14 marker"
          />
          <span
            class="c15 icon icon-cli sc-bczRLJ c15 c16"
            color="inherit"
            font-size="2"
          />
          Active Sessions
        </a>
        <a
          class="c13"
          href="/web/cluster/one/recordings"
        >
          <div
            class="c14 marker"
          />
          <span
            class="c15 icon icon-play-circle sc-bczRLJ c15 c16"
            color="inherit"
            font-size="2"
          />
          Session Recordings
        </a>
        <a
          class="c13"
          href="/web/cluster/one/audit"
        >
          <div
            class="c14 marker"
          />
          <span
            class="c15 icon icon-list1 sc-bczRLJ c15 c16"
            color="inherit"
            font-size="2"
          />
          Audit Log
        </a>
      </div>
      <button
        class="c10"
      >
        <span
          class="c8 icon icon-icons2 sc-bczRLJ c8 c9"
          color="inherit"
          font-size="16px"
        />
        Clusters
        <span
          class="c11 icon icon-chevron-right "
          color="inherit"
          style="font-size: 14px;"
        />
      </button>
      <div
        class="c12"
        style="display: none;"
      >
        <a
          class="c13"
          href="/web/clusters"
        >
          <div
            class="c14 marker"
          />
          <span
            class="c15 icon icon-equalizer1 sc-bczRLJ c15 c16"
            color="inherit"
            font-size="2"
          />
          Manage Clusters
        </a>
        <a
          class="c13"
          href="/web/trust"
        >
          <div
            class="c14 marker"
          />
          <span
            class="c15 icon icon-site-map sc-bczRLJ c15 c16"
            color="inherit"
            font-size="2"
          />
          Trust
        </a>
      </div>
    </div>
  </nav>
</div>
`;
